function %(v16, v19, v20, v21, v28) {
    inst0 = const fn %ddt(1) -> 1
    // v1 = bconst false
    // v2 = bconst true
    v3 = fconst 0.0

                                block5:
@0003                               v18 = flt v16, v3
                                    br v18, block2, block3

                                block2:
@000c                               v23 = fmul v20, v28
                                    jmp block4

                                block3:
                                    jmp block4

                                block4:
                                    v32 = phi [v21, block2], [v3, block3]
                                    v29 = phi [v1, block2], [v2, block3]
                                    v26 = phi [v23, block2], [v3, block3]
                                    v27 = optbarrier v26
                                    v30 = optbarrier v29
                                    v31 = fneg v28
                                    v33 = optbarrier v32
}
