function %(v16, v17, v19, v22, v25, v33, v54) {
    inst0 = const fn %ddt(1) -> 1
    v3 = fconst 0.0

                                block17:
@000d                               v21 = flt v17, v3
                                    br v21, block2, block3

                                block2:
@0010                               v24 = flt v22, v3
                                    br v24, block5, block6

                                block5:
@0013                               v27 = flt v25, v3
                                    br v27, block8, block9

                                block8:
                                    v28 = fadd v17, v54
                                    jmp block10

                                block9:
                                    jmp block10

                                block10:
                                    v37 = phi [v28, block8], [v17, block9]
                                    jmp block7

                                block6:
                                    jmp block7

                                block7:
                                    v36 = phi [v17, block6], [v37, block10]
                                    jmp block4

                                block3:
                                    jmp block4

                                block4:
                                    v35 = phi [v17, block3], [v36, block7]
@001a                               v30 = flt v22, v3
                                    br v30, block11, block12

                                block11:
@001d                               v32 = flt v25, v3
                                    br v32, block14, block15

                                block14:
                                    v38 = fadd v35, v3
                                    jmp block16

                                block15:
                                    jmp block16

                                block16:
                                    v50 = phi [v38, block14], [v35, block15]
                                    v52 = phi [v33, block14], [v3, block15]
                                    jmp block13

                                block12:
                                    jmp block13

                                block13:
                                    v49 = phi [v35, block12], [v50, block16]
                                    v53 = phi [v3, block12], [v52, block16]
                                    v51 = optbarrier v49
                                    v60 = fneg v54
                                    v66 = optbarrier v17
                                    v67 = optbarrier v53
}
