function %(v16, v19, v20, v29) {
    // v1 = bconst false
    // v2 = bconst true
    v3 = fconst 0.0
    v6 = fconst 0x1.0000000000000p0
    v7 = fconst -0x1.0000000000000p0
                                block5:
@0003                               v18 = flt v16, v3
                                    br v18, block4, block3

                                block3:
                                    jmp block4

                                block4:
                                    v25 = phi [v3, block3], [v16, block5]
                                    v23 = phi [v16, block3], [v3, block5]
                                    v21 = phi [v1, block3], [v2, block5]
                                    br v21, block6, block7

                                block6:
                                    jmp block7

                                block7:
                                    v27 = phi [v20, block4], [v19, block6]
                                    v34 = phi [v3, block4], [v6, block6]
                                    v35 = phi [v6, block4], [v3, block6]
                                    v28 = phi [v23, block4], [v25, block6]
                                    v30 = optbarrier v28
                                    v31 = fsub v30, v27
                                    v36 = fsub v3, v34
                                    v37 = fsub v3, v35
                                    v44 = fmul v29, v20
                                    v32 = optbarrier v44
                                    v33 = fneg v20
                                    v50 = fmul v29, v7
                                    v40 = optbarrier v50
                                    v42 = optbarrier v36
                                    v43 = optbarrier v37
                                    v46 = fmul v29, v33
                                    v45 = optbarrier v46
                                    v47 = optbarrier v31
                                    v48 = optbarrier v29
                                    v51 = optbarrier v34
}
