DaeSystem {
    unknowns: {
        sim_node0: node0,
        sim_node1: node1,
        sim_node2: node2,
        sim_node3: node3,
    },
    residual: {
        sim_node0: Residual {
            resist: v251,
            react: v252,
            resist_small_signal: v3,
            react_small_signal: v3,
            resist_lim_rhs: v3,
            react_lim_rhs: v3,
        },
        sim_node1: Residual {
            resist: v451,
            react: v3,
            resist_small_signal: v3,
            react_small_signal: v3,
            resist_lim_rhs: v3,
            react_lim_rhs: v3,
        },
        sim_node2: Residual {
            resist: v259,
            react: v3,
            resist_small_signal: v3,
            react_small_signal: v3,
            resist_lim_rhs: v3,
            react_lim_rhs: v3,
        },
        sim_node3: Residual {
            resist: v454,
            react: v456,
            resist_small_signal: v3,
            react_small_signal: v3,
            resist_lim_rhs: v3,
            react_lim_rhs: v3,
        },
    },
    jacobian: {
        j0: MatrixEntry {
            row: sim_node0,
            col: sim_node0,
            resist: v431,
            react: v432,
        },
        j1: MatrixEntry {
            row: sim_node0,
            col: sim_node2,
            resist: v427,
            react: v428,
        },
        j2: MatrixEntry {
            row: sim_node0,
            col: sim_node3,
            resist: v465,
            react: v467,
        },
        j3: MatrixEntry {
            row: sim_node1,
            col: sim_node1,
            resist: v469,
            react: v3,
        },
        j4: MatrixEntry {
            row: sim_node1,
            col: sim_node2,
            resist: v433,
            react: v3,
        },
        j5: MatrixEntry {
            row: sim_node1,
            col: sim_node3,
            resist: v435,
            react: v3,
        },
        j6: MatrixEntry {
            row: sim_node2,
            col: sim_node0,
            resist: v438,
            react: v3,
        },
        j7: MatrixEntry {
            row: sim_node2,
            col: sim_node1,
            resist: v474,
            react: v3,
        },
        j8: MatrixEntry {
            row: sim_node2,
            col: sim_node2,
            resist: v436,
            react: v3,
        },
        j9: MatrixEntry {
            row: sim_node2,
            col: sim_node3,
            resist: v477,
            react: v3,
        },
        j10: MatrixEntry {
            row: sim_node3,
            col: sim_node0,
            resist: v445,
            react: v446,
        },
        j11: MatrixEntry {
            row: sim_node3,
            col: sim_node1,
            resist: v481,
            react: v3,
        },
        j12: MatrixEntry {
            row: sim_node3,
            col: sim_node2,
            resist: v441,
            react: v442,
        },
        j13: MatrixEntry {
            row: sim_node3,
            col: sim_node3,
            resist: v485,
            react: v487,
        },
    },
    small_signal_parameters: {},
    noise_sources: [
        NoiseSource {
            name: Spur(2),
            kind: FlickerNoise {
                pwr: v237,
                exp: v6,
            },
            hi: sim_node0,
            lo: Some(
                sim_node3,
            ),
            factor: v459,
        },
        NoiseSource {
            name: Spur(3),
            kind: WhiteNoise {
                pwr: v248,
            },
            hi: sim_node3,
            lo: Some(
                sim_node1,
            ),
            factor: v460,
        },
    ],
    model_inputs: [
        (
            0,
            3,
        ),
        (
            3,
            1,
        ),
    ],
    num_resistive: 14,
    num_reactive: 6,
}