function %(v16, v19, v21, v31) {
    // v1 = bconst false
    // v2 = bconst true
    v3 = fconst 0.0
    v6 = fconst 0x1.0000000000000p0
    v7 = fconst -0x1.0000000000000p0
                                block5:
@0005                               v18 = flt v16, v3
                                    br v18, block2, block3

                                block2:
@000d                               v20 = fmul v19, v16
                                    jmp block4

                                block3:
@0015                               v22 = fmul v19, v16
                                    jmp block4

                                block4:
                                    v27 = phi [v20, block2], [v3, block3]
                                    v36 = phi [v19, block2], [v3, block3]
                                    v25 = phi [v3, block2], [v22, block3]
                                    v37 = phi [v3, block2], [v19, block3]
                                    v23 = phi [v2, block2], [v1, block3]
                                    br v23, block6, block7

                                block6:
                                    jmp block7

                                block7:
                                    v29 = phi [v21, block4], [v16, block6]
                                    v38 = phi [v3, block4], [v6, block6]
                                    v39 = phi [v6, block4], [v3, block6]
                                    v30 = phi [v25, block4], [v27, block6]
                                    v40 = phi [v37, block4], [v36, block6]
                                    v32 = optbarrier v30
                                    v33 = fsub v32, v29
                                    v41 = fsub v40, v38
                                    v42 = fsub v3, v39
                                    v49 = fmul v31, v21
                                    v34 = optbarrier v49
                                    v35 = fneg v21
                                    v55 = fmul v31, v7
                                    v45 = optbarrier v55
                                    v46 = fneg v41
                                    v47 = optbarrier v41
                                    v48 = optbarrier v42
                                    v51 = fmul v31, v35
                                    v50 = optbarrier v51
                                    v52 = optbarrier v33
                                    v53 = optbarrier v31
                                    v56 = optbarrier v46
}
