function %(v16, v17, v18, v19, v20, v31, v39) {
    inst0 = const fn %$limit[Spur(1)](2) -> 1
    inst1 = const fn %$store[lim_state0](1) -> 1
    inst2 = const fn %ddt(1) -> 1

                                block5:
@0009                               br v20, block2, block4

                                block2:
@0009                               v21 = call inst0(v18, v19)
@0009                               jmp block4

                                block4:
@0009                               v22 = phi [v21, block2], [v18, block5]
@0009                               v23 = call inst1(v22)
@000a                               v24 = fmul v17, v23
                                    v46 = fmul v31, v24
                                    v32 = optbarrier v46
                                    v33 = fneg v24
                                    v34 = fneg v17
                                    v52 = fmul v31, v17
                                    v36 = optbarrier v52
                                    v55 = fmul v31, v34
                                    v38 = optbarrier v55
                                    v40 = fsub v39, v18
                                    v41 = fmul v17, v40
                                    v47 = fmul v31, v41
                                    v42 = optbarrier v47
                                    v44 = fmul v34, v40
                                    v50 = fmul v31, v44
                                    v45 = optbarrier v50
                                    v49 = fmul v31, v33
                                    v48 = optbarrier v49
                                    v51 = optbarrier v31
                                    v53 = optbarrier v55
                                    v56 = optbarrier v52
}
