function %(v16, v17, v18, v19, v20, v30, v38) {
    inst0 = const fn %$limit[Spur(1)](2) -> 1
    inst1 = const fn %$store[lim_state0](1) -> 1

                                block5:
@0009                               br v20, block2, block4

                                block2:
@0009                               v21 = call inst0(v18, v19)
@0009                               jmp block4

                                block4:
@0009                               v22 = phi [v21, block2], [v18, block5]
@0009                               v23 = call inst1(v22)
@000a                               v24 = exp v23
@000b                               v25 = fmul v17, v24
                                    v45 = fmul v30, v25
                                    v31 = optbarrier v45
                                    v32 = fneg v25
                                    v35 = optbarrier v45
                                    v54 = fmul v30, v32
                                    v37 = optbarrier v54
                                    v39 = fsub v38, v18
                                    v40 = fmul v25, v39
                                    v46 = fmul v30, v40
                                    v41 = optbarrier v46
                                    v43 = fmul v32, v39
                                    v49 = fmul v30, v43
                                    v44 = optbarrier v49
                                    v47 = optbarrier v54
                                    v50 = optbarrier v30
                                    v52 = optbarrier v54
                                    v55 = optbarrier v45
}
